{
  "version": "1.5.0",
  "plugins_used": [
    {
      "name": "ArtifactoryDetector"
    },
    {
      "name": "AWSKeyDetector"
    },
    {
      "name": "AzureStorageKeyDetector"
    },
    {
      "name": "Base64HighEntropyString",
      "limit": 4.5
    },
    {
      "name": "BasicAuthDetector"
    },
    {
      "name": "CloudantDetector"
    },
    {
      "name": "DiscordBotTokenDetector"
    },
    {
      "name": "GitHubTokenDetector"
    },
    {
      "name": "GitLabTokenDetector"
    },
    {
      "name": "HexHighEntropyString",
      "limit": 3.0
    },
    {
      "name": "IbmCloudIamDetector"
    },
    {
      "name": "IbmCosHmacDetector"
    },
    {
      "name": "IPPublicDetector"
    },
    {
      "name": "JwtTokenDetector"
    },
    {
      "name": "KeywordDetector",
      "keyword_exclude": ""
    },
    {
      "name": "MailchimpDetector"
    },
    {
      "name": "NpmDetector"
    },
    {
      "name": "OpenAIDetector"
    },
    {
      "name": "PrivateKeyDetector"
    },
    {
      "name": "PypiTokenDetector"
    },
    {
      "name": "SendGridDetector"
    },
    {
      "name": "SlackDetector"
    },
    {
      "name": "SoftlayerDetector"
    },
    {
      "name": "SquareOAuthDetector"
    },
    {
      "name": "StripeDetector"
    },
    {
      "name": "TelegramBotTokenDetector"
    },
    {
      "name": "TwilioKeyDetector"
    }
  ],
  "filters_used": [
    {
      "path": "detect_secrets.filters.allowlist.is_line_allowlisted"
    },
    {
      "path": "detect_secrets.filters.common.is_baseline_file",
      "filename": ".secrets.baseline"
    },
    {
      "path": "detect_secrets.filters.common.is_ignored_due_to_verification_policies",
      "min_level": 2
    },
    {
      "path": "detect_secrets.filters.heuristic.is_indirect_reference"
    },
    {
      "path": "detect_secrets.filters.heuristic.is_likely_id_string"
    },
    {
      "path": "detect_secrets.filters.heuristic.is_lock_file"
    },
    {
      "path": "detect_secrets.filters.heuristic.is_not_alphanumeric_string"
    },
    {
      "path": "detect_secrets.filters.heuristic.is_potential_uuid"
    },
    {
      "path": "detect_secrets.filters.heuristic.is_prefixed_with_dollar_sign"
    },
    {
      "path": "detect_secrets.filters.heuristic.is_sequential_string"
    },
    {
      "path": "detect_secrets.filters.heuristic.is_swagger_file"
    },
    {
      "path": "detect_secrets.filters.heuristic.is_templated_secret"
    },
    {
      "path": "detect_secrets.filters.regex.should_exclude_file",
      "pattern": [
        "^(.env.example|docs/|tests/)"
      ]
    }
  ],
  "results": {
    ".env.testing": [
      {
        "type": "Secret Keyword",
        "filename": ".env.testing",
        "hashed_secret": "982d81100c805e4deca9f91811072ead8ee19a96",
        "is_verified": false,
        "line_number": 11
      },
      {
        "type": "Secret Keyword",
        "filename": ".env.testing",
        "hashed_secret": "e8d4a2f731a2b37fcb169639d14ccb9350952d59",
        "is_verified": false,
        "line_number": 21
      }
    ],
    ".github/workflows/docker-smoke.yml": [
      {
        "type": "Secret Keyword",
        "filename": ".github/workflows/docker-smoke.yml",
        "hashed_secret": "dea8496a20f1f26ebdedeeb7f4ff483dd109f5da",
        "is_verified": false,
        "line_number": 27
      },
      {
        "type": "Secret Keyword",
        "filename": ".github/workflows/docker-smoke.yml",
        "hashed_secret": "dc76e9f0c0006e8f919e0c515c66dbba3982f785",
        "is_verified": false,
        "line_number": 39
      },
      {
        "type": "Secret Keyword",
        "filename": ".github/workflows/docker-smoke.yml",
        "hashed_secret": "392743f6bae077a130f50f376dd81c4cb283cac5",
        "is_verified": false,
        "line_number": 111
      },
      {
        "type": "Basic Auth Credentials",
        "filename": ".github/workflows/docker-smoke.yml",
        "hashed_secret": "dea8496a20f1f26ebdedeeb7f4ff483dd109f5da",
        "is_verified": false,
        "line_number": 111
      },
      {
        "type": "Secret Keyword",
        "filename": ".github/workflows/docker-smoke.yml",
        "hashed_secret": "7117e9dc63ddbf5824fc64ff378558c0f15a22f0",
        "is_verified": false,
        "line_number": 118
      }
    ],
    "alembic/versions/4f9d2f8f6c13_migrate_user_and_company_ids_to_uuid.py": [
      {
        "type": "Hex High Entropy String",
        "filename": "alembic/versions/4f9d2f8f6c13_migrate_user_and_company_ids_to_uuid.py",
        "hashed_secret": "6c63feee0205453ba72f2c6b451ac1fcbe10a40e",
        "is_verified": false,
        "line_number": 18
      }
    ],
    "alembic/versions/9552b9fc884a_add_new_table.py": [
      {
        "type": "Hex High Entropy String",
        "filename": "alembic/versions/9552b9fc884a_add_new_table.py",
        "hashed_secret": "aa774f95dd0dbb4e4d1c08973346413503557e4f",
        "is_verified": false,
        "line_number": 12
      }
    ],
    "alembic/versions/9e858906b135_poc_models.py": [
      {
        "type": "Hex High Entropy String",
        "filename": "alembic/versions/9e858906b135_poc_models.py",
        "hashed_secret": "d8b088b0e89f74fc9d5a98228d04920a995fe2f5",
        "is_verified": false,
        "line_number": 12
      }
    ],
    "alembic/versions/a4e8c1b7d2f9_normalize_roles_to_global_catalog.py": [
      {
        "type": "Hex High Entropy String",
        "filename": "alembic/versions/a4e8c1b7d2f9_normalize_roles_to_global_catalog.py",
        "hashed_secret": "af782a6a6ebf0dd1c51fa8704d0f4a34647ff2d2",
        "is_verified": false,
        "line_number": 18
      }
    ],
    "alembic/versions/b7c2d4e6f809_add_hybrid_permission_rbac.py": [
      {
        "type": "Hex High Entropy String",
        "filename": "alembic/versions/b7c2d4e6f809_add_hybrid_permission_rbac.py",
        "hashed_secret": "c63d348c8f74d1331bdb9b6e9de6c3b99ba7bad6",
        "is_verified": false,
        "line_number": 16
      }
    ],
    "alembic/versions/c539ec0c41d5_poc_models.py": [
      {
        "type": "Hex High Entropy String",
        "filename": "alembic/versions/c539ec0c41d5_poc_models.py",
        "hashed_secret": "5934d8489d4d1d356304534c061f1a1d34920669",
        "is_verified": false,
        "line_number": 15
      }
    ],
    "alembic/versions/c9f4a6b8d210_seed_default_api_permissions.py": [
      {
        "type": "Hex High Entropy String",
        "filename": "alembic/versions/c9f4a6b8d210_seed_default_api_permissions.py",
        "hashed_secret": "488ba17f680f0198ae47affcea864192ebc84755",
        "is_verified": false,
        "line_number": 18
      }
    ],
    "alembic/versions/d1e5f7a9b302_add_superuser_bootstrap_control.py": [
      {
        "type": "Hex High Entropy String",
        "filename": "alembic/versions/d1e5f7a9b302_add_superuser_bootstrap_control.py",
        "hashed_secret": "c21c05a45a38b06449fef24ae6a1579597c30db9",
        "is_verified": false,
        "line_number": 16
      }
    ],
    "alembic/versions/e2f6a8c1d403_add_user_superuser_flag.py": [
      {
        "type": "Hex High Entropy String",
        "filename": "alembic/versions/e2f6a8c1d403_add_user_superuser_flag.py",
        "hashed_secret": "95d79226cec7ae1fb6a2e3663badf7db5e16fbca",
        "is_verified": false,
        "line_number": 16
      }
    ],
    "app/configs.py": [
      {
        "type": "Secret Keyword",
        "filename": "app/configs.py",
        "hashed_secret": "9119d6a820c5bd916857b03a71318176ad57bfb7",
        "is_verified": false,
        "line_number": 16
      }
    ],
    "app/models/user/response_messages.py": [
      {
        "type": "Secret Keyword",
        "filename": "app/models/user/response_messages.py",
        "hashed_secret": "e72f872b5f85a816ae3c8b28340b058e73d1f5e2",
        "is_verified": false,
        "line_number": 27
      },
      {
        "type": "Secret Keyword",
        "filename": "app/models/user/response_messages.py",
        "hashed_secret": "249195a88b19c08da86496d183ec35ec18119966",
        "is_verified": false,
        "line_number": 29
      },
      {
        "type": "Secret Keyword",
        "filename": "app/models/user/response_messages.py",
        "hashed_secret": "e12081a4a6d4521224c6eba397f2db9b0f6fb798",
        "is_verified": false,
        "line_number": 48
      },
      {
        "type": "Secret Keyword",
        "filename": "app/models/user/response_messages.py",
        "hashed_secret": "bd12fcc41645f43ad995e45e98d71811588e46fd",
        "is_verified": false,
        "line_number": 49
      }
    ],
    "scripts/publish_image.sh": [
      {
        "type": "Basic Auth Credentials",
        "filename": "scripts/publish_image.sh",
        "hashed_secret": "dea8496a20f1f26ebdedeeb7f4ff483dd109f5da",
        "is_verified": false,
        "line_number": 189
      }
    ]
  },
  "generated_at": "2026-08-15T08:22:22Z"
}
